[dotenv@17.2.4] injecting env (3) from .env.prod -- tip: 🔑 add access controls to secrets: https://dotenvx.com/ops
Bundling asset InfraStack/AdminApiConstruct/adminAuthorizer/Code/Stage...

  ...ef1c4190b16eb86dd8aae6954f1512e709c2069167aa0b-building/index.js  1.2mb ⚠️

⚡ Done in 119ms
Bundling asset InfraStack/AdminApiConstruct/admin_check/Code/Stage...

  ...457624f7dee8fe8ae22f7224c83617113a369a9512f2abec-building/index.js  1.2kb

⚡ Done in 3ms
Bundling asset InfraStack/AdminApiConstruct/admin_dump/Code/Stage...

  ...349c0e21bde409f7be872cb4b0df84fafe5de0d393036b7a-building/index.js  2.8kb

⚡ Done in 4ms
Bundling asset InfraStack/AdminApiConstruct/admin_links/Code/Stage...

  ...d02ebd5985427fab09081b9caa51e2bd9bde4fdd69eaa4ee-building/index.js  7.3kb

⚡ Done in 11ms
Bundling asset InfraStack/AdminApiConstruct/admin_qr_list/Code/Stage...

  ...83ea278b92754b1ea1b9414c6b4873007a403a16ea4343-building/index.js  1.1mb ⚠️

⚡ Done in 70ms
Bundling asset InfraStack/AdminApiConstruct/admin_qr_generate/Code/Stage...

  ...51d143fa414254a1b0eb7cb60b8111e2b60a878f426e99a-building/index.js  12.7kb

⚡ Done in 6ms
Bundling asset InfraStack/AdminApiConstruct/admin_qr_ban/Code/Stage...

  ...92b4bf7243400eabcf6d9f24ebec99ddde349d3f71f2ae7d-building/index.js  4.9kb

⚡ Done in 3ms
Bundling asset InfraStack/AdminApiConstruct/admin_qr_deleteban/Code/Stage...

  ...db46bdf8343718361bcf0d8d0f1b51e20d0528f860881ed2-building/index.js  4.3kb

⚡ Done in 4ms
Bundling asset InfraStack/AdminApiConstruct/admin_changeowner/Code/Stage...

  ...2bb2174e19ad8ded0fbdc4360c546bcbb3705928a1e804-building/index.js  1.1mb ⚠️

⚡ Done in 65ms
Bundling asset InfraStack/AdminApiConstruct/admin_carddesigns/Code/Stage...

  ...7a836a1f7dd8a864bbc880716d59a903866cb82dc5577e3-building/index.js  13.1kb

⚡ Done in 5ms
Bundling asset InfraStack/AdminApiConstruct/admin_shop_create/Code/Stage...

  ...047d9ecbb2508168501ef062db64a5751a98f0acfdee60-building/index.js  1.1mb ⚠️

⚡ Done in 68ms
Bundling asset InfraStack/AdminApiConstruct/admin_shop_carddesign_link/Code/Stage...

  ...14a82697207980b3c0943f9b2c7cab57478460c9edc13998-building/index.js  3.9kb

⚡ Done in 6ms
Bundling asset InfraStack/AdminApiConstruct/admin_card_orders/Code/Stage...

  ...841d93c5138cd70a48b843a4ee0ed9274d90457412370055-building/index.js  6.1kb

⚡ Done in 6ms
Bundling asset InfraStack/ShopApiConstruct/ShopAuthorizerFn/Code/Stage...

  ...f564773bb98d8b289860d997f8dfe4c35a4d106a71b7d7-building/index.js  1.2mb ⚠️

⚡ Done in 70ms
Bundling asset InfraStack/ShopApiConstruct/shop_list/Code/Stage...

  ...e38e5975e1bbcf426f869e67cb418a4d44bfdb0f7573afbb-building/index.js  7.1kb

⚡ Done in 4ms
Bundling asset InfraStack/ShopApiConstruct/shop_details/Code/Stage...

  ...8316e3720b40763c4b9e7570299e9eaebd82fadd56b40fa-building/index.js  11.4kb

⚡ Done in 5ms
Bundling asset InfraStack/ShopApiConstruct/shop_products/Code/Stage...

  ...712764691cb9b69beb91e6a38b800c18909f757b4016318-building/index.js  17.5kb

⚡ Done in 5ms
Bundling asset InfraStack/ShopApiConstruct/shop_products_import/Code/Stage...

  ...35049f79e8b8f6e831aa66c4ab7459b6710392e7e83dd2d-building/index.js  10.2kb

⚡ Done in 5ms
Bundling asset InfraStack/ShopApiConstruct/shop_products_uploadurl/Code/Stage...

  ...f48addcb0e41fc7664f8043e3c0cc38bcc206ff7c6ff99c4-building/index.js  7.4kb

⚡ Done in 5ms
Bundling asset InfraStack/ShopApiConstruct/shop_qr/Code/Stage...

  ...a411fb4b9d6163b4b245186d618fad80d35a1c319a8c493-building/index.js  16.2kb

⚡ Done in 6ms
Bundling asset InfraStack/ShopApiConstruct/shop_admins/Code/Stage...

  ...9af9adf0a28879376828cb513ca3c8bf5f4df32cc595555b-building/index.js  6.0kb

⚡ Done in 3ms
Bundling asset InfraStack/ShopApiConstruct/shop_delete_images/Code/Stage...

  ...b9d8128ef9599de19e8e50b7a90eef8184ff3d5ade22037e-building/index.js  6.3kb

⚡ Done in 3ms
Bundling asset InfraStack/ShopApiConstruct/shop_orders/Code/Stage...

  ...5c4df4b6c16034d56ce4abbb90703a0c452880c0998606-building/index.js  474.9kb

⚡ Done in 29ms
Bundling asset InfraStack/ShopApiConstruct/shop_card_orders/Code/Stage...

  ...91e822c95cddd4f95e8065b1c24b0b6cdd84b02000cb110-building/index.js  18.0kb

⚡ Done in 7ms
Bundling asset InfraStack/UserApiConstruct/user_profile/Code/Stage...

  ...5e497fb4c58c9a7f12899ab56216eef377becae6a869647-building/index.js  16.2kb

⚡ Done in 5ms
Bundling asset InfraStack/ReceiveApiConstruct/receive_authorizer_fn/Code/Stage...

  ...ae7cf9c8360febecdcfb5cd626ff2b87d3273fea478463-building/index.js  1.2mb ⚠️

⚡ Done in 68ms
Bundling asset InfraStack/ReceiveApiConstruct/receive_verify/Code/Stage...

  ...8f24bdfc127540825266c62de002cc196f2512d8daaf92-building/index.js  1.2mb ⚠️

⚡ Done in 68ms
Bundling asset InfraStack/ReceiveApiConstruct/receive_submit/Code/Stage...

  ...3ae31b38949e22541e181c30bb38c17179ddfb59801ef4-building/index.js  1.6mb ⚠️

⚡ Done in 80ms
Bundling asset InfraStack/ReceiveApiConstruct/receive_completed/Code/Stage...

  ...8ead54028755ee0f64ebbebca4b2c0493ecc35ab2ac094-building/index.js  467.4kb

⚡ Done in 27ms
Bundling asset InfraStack/ReceiveApiConstruct/receive_chat/Code/Stage...

  ...87bd768750835fa63753c66965688c979af07a96cc14fa-building/index.js  469.9kb

⚡ Done in 34ms
Bundling asset InfraStack/ReceiveApiConstruct/receive_subscription/Code/Stage...

  ...f2aa931f0387cf36df8dc4ee972e3bdbd2e867c069cbf4c7-building/index.js  4.3kb

⚡ Done in 4ms
Bundling asset InfraStack/ReceiveApiConstruct/receive_sender/Code/Stage...

  ...67dc3b4ec1ab1f8e260160b18519117895a00b2cae43bc0-building/index.js  17.5kb

⚡ Done in 5ms
Bundling asset InfraStack/ReceiveApiConstruct/receive_upload_url/Code/Stage...

  ...89675aa65ac413738b28812a3b415450f216e25d8d5e4f7-building/index.js  11.9kb

⚡ Done in 3ms
ValidationError: Cannot determine deployment stage for API from "deploymentStage". Use "deploy" or explicitly set "deploymentStage"
    at path [InfraStack/MeishiGawariniApi] in aws-cdk-lib.aws_apigateway.RestApi

